// Jest Snapshot v1, https://goo.gl/fbAQLP

exports[`renders a list of airlines 1`] = `
<DocumentFragment>
  <div
    class="pt-6"
  >
    <div
      class="flex flex-wrap"
    >
      <div
        class="p-6 m-2 h-20 w-20 border border-solid rounded-full border-gray-200 hover:border-purple-600 flex items-center justify-center"
        data-tip="airline1"
        tabindex="0"
      >
        <img
          alt="airline1"
          class="max-w-full"
          src="data:image/svg+xml;charset=utf-8,%3Csvg xmlns%3D'http%3A%2F%2Fwww.w3.org%2F2000%2Fsvg' width%3D'200' height%3D'150' viewBox%3D'0 0 200 150'%2F%3E"
          style="background: rgb(229, 252, 245);"
        />
      </div>
      <div
        class="p-6 m-2 h-20 w-20 border border-solid rounded-full border-gray-200 hover:border-purple-600 flex items-center justify-center"
        data-tip="airline2"
        tabindex="0"
      >
        <img
          alt="airline2"
          class="max-w-full"
          src="data:image/svg+xml;charset=utf-8,%3Csvg xmlns%3D'http%3A%2F%2Fwww.w3.org%2F2000%2Fsvg' width%3D'200' height%3D'150' viewBox%3D'0 0 200 150'%2F%3E"
          style="background: rgb(229, 252, 245);"
        />
      </div>
    </div>
  </div>
</DocumentFragment>
`;
